&kp TAB          &kp Q   &kp W   &kp E          &kp R                &kp T                                                                            &kp Y         &kp U   &kp I       &kp O       &kp P             &kp MINUS
&kp LCTRL        &kp A   &kp S   &kp D          &kp F                &kp G                                                                            &kp H         &kp J   &kp K       &kp L       &lt 4 SEMICOLON   &lt 5 SINGLE_QUOTE
&kp LEFT_SHIFT   &kp Z   &kp X   &kp C          &kp V                &kp B                  &bootloader                                 &bootloader   &kp N         &kp M   &kp COMMA   &kp DOT     &kp SLASH         &mkp MB1
                         &mo 5   &kp LEFT_ALT   &mt LEFT_GUI LANG2   &mt LEFT_SHIFT SPACE   &esc_lang2_with_layer 3 0                   &lt 2 ENTER   &lt 1 LANG1                       &kp SPACE
